../Core/Src/main.c:87:5:main	16	static
../Core/Src/main.c:156:6:SystemClock_Config	88	static
../Core/Src/main.c:203:13:MX_ADC1_Init	24	static
../Core/Src/main.c:250:13:MX_I2C1_Init	8	static
../Core/Src/main.c:284:13:MX_TIM4_Init	32	static
../Core/Src/main.c:329:13:MX_USART1_UART_Init	8	static
../Core/Src/main.c:362:13:MX_GPIO_Init	40	static
../Core/Src/main.c:401:6:Task_ADC	8	static
../Core/Src/main.c:416:6:Task_DHT	8	static
../Core/Src/main.c:427:6:Task_LCD	8	static
../Core/Src/main.c:443:6:Task_UART	24	static
../Core/Src/main.c:458:6:Error_Handler	4	static,ignoring_inline_asm
