../Core/Src/main.c:91:5:main	16	static
../Core/Src/main.c:160:6:SystemClock_Config	88	static
../Core/Src/main.c:207:13:MX_ADC1_Init	24	static
../Core/Src/main.c:254:13:MX_I2C1_Init	8	static
../Core/Src/main.c:288:13:MX_TIM4_Init	32	static
../Core/Src/main.c:333:13:MX_USART1_UART_Init	8	static
../Core/Src/main.c:366:13:MX_GPIO_Init	40	static
../Core/Src/main.c:405:6:Task_ADC	16	static
../Core/Src/main.c:422:6:Task_DHT	8	static
../Core/Src/main.c:433:6:Task_LCD	8	static
../Core/Src/main.c:449:6:Task_UART	24	static
../Core/Src/main.c:460:6:HAL_UART_RxCpltCallback	24	static
../Core/Src/main.c:490:6:Error_Handler	4	static,ignoring_inline_asm
