../Core/Src/main.c:91:5:main	2
../Core/Src/main.c:160:6:SystemClock_Config	4
../Core/Src/main.c:207:13:MX_ADC1_Init	3
../Core/Src/main.c:254:13:MX_I2C1_Init	2
../Core/Src/main.c:288:13:MX_TIM4_Init	4
../Core/Src/main.c:333:13:MX_USART1_UART_Init	2
../Core/Src/main.c:366:13:MX_GPIO_Init	1
../Core/Src/main.c:405:6:Task_ADC	4
../Core/Src/main.c:422:6:Task_DHT	2
../Core/Src/main.c:433:6:Task_LCD	1
../Core/Src/main.c:449:6:Task_UART	1
../Core/Src/main.c:460:6:HAL_UART_RxCpltCallback	6
../Core/Src/main.c:490:6:Error_Handler	1
